🚀 Simple API Mock listening on http://localhost:8090
📡 CORS enabled for all origins
GET /api/tenants
GET /api/tenant/current
GET /management/health
GET /api/elasticsearch/cluster/status
GET /api/logstash-pipelines/stats
GET /api/overview/count-alerts-today-and-last-week
GET /api/elasticsearch/cluster/status
GET /api/overview/count-alerts-by-severity
GET /api/overview/count-alerts-by-status
GET /api/overview/top-alerts-by-category
GET /api/overview/events-in-time
GET /api/overview/count-events-by-type
GET /api/overview/top-windows-events
GET /api/overview/top-alerts
GET /api/utm-alerts/count-open-alerts
GET /management/health
GET /api/elasticsearch/cluster/status
GET /api/logstash-pipelines/stats
GET /api/elasticsearch/cluster/status
GET /management/health
GET /api/elasticsearch/cluster/status
GET /api/logstash-pipelines/stats
GET /api/elasticsearch/cluster/status
GET /management/health
GET /api/elasticsearch/cluster/status
GET /api/logstash-pipelines/stats
GET /api/overview/count-alerts-today-and-last-week
GET /api/overview/count-alerts-by-status
GET /api/overview/count-alerts-by-severity
GET /api/overview/top-alerts-by-category
GET /api/overview/top-alerts
GET /api/overview/count-events-by-type
GET /api/overview/events-in-time
GET /api/overview/top-windows-events
GET /api/elasticsearch/cluster/status
GET /api/utm-alerts/count-open-alerts
GET /management/health
GET /api/elasticsearch/cluster/status
GET /api/logstash-pipelines/stats
GET /api/elasticsearch/cluster/status
GET /api/date-format
GET /api/images/all
POST /api/authenticate - username: admin
GET /management/health
GET /api/elasticsearch/cluster/status
GET /api/logstash-pipelines/stats
GET /api/elasticsearch/cluster/status
GET /api/tfa/verifyCode?code=123456
GET /api/date-format
GET /api/images/all
GET /api/account
GET /management/info
GET /management/health
GET /api/logstash-pipelines/stats
GET /api/elasticsearch/cluster/status
GET /api/menu/all
GET /api/utm-getting-started
GET /api/overview/count-alerts-today-and-last-week
GET /api/overview/count-alerts-by-status
GET /api/overview/count-alerts-by-severity
GET /api/overview/top-alerts-by-category
GET /api/overview/top-alerts
GET /api/overview/count-events-by-type
GET /api/overview/events-in-time
GET /api/overview/top-windows-events
GET /management/health
GET /api/elasticsearch/cluster/status
GET /api/logstash-pipelines/stats
GET /api/overview/count-alerts-by-status
GET /api/overview/count-alerts-today-and-last-week
GET /api/overview/count-alerts-by-severity
GET /api/overview/top-alerts-by-category
GET /api/overview/top-alerts
GET /api/overview/count-events-by-type
GET /api/overview/events-in-time
GET /api/overview/top-windows-events
GET /api/elasticsearch/cluster/status
GET /api/date-format
GET /api/images/all
GET /api/account
GET /management/info
GET /management/health
GET /api/elasticsearch/cluster/status
GET /api/logstash-pipelines/stats
GET /api/menu/all
GET /api/utm-getting-started
GET /api/overview/count-alerts-today-and-last-week
GET /api/overview/count-alerts-by-status
GET /api/overview/count-alerts-by-severity
GET /api/overview/top-alerts-by-category
GET /api/overview/top-alerts
GET /api/overview/count-events-by-type
GET /api/overview/events-in-time
GET /api/overview/top-windows-events
GET /api/utm-alerts/count-open-alerts
GET /api/date-format
GET /api/images/all
GET /api/account
GET /management/info
GET /management/health
GET /api/elasticsearch/cluster/status
GET /api/logstash-pipelines/stats
GET /api/menu/all
GET /api/utm-getting-started
GET /management/info
GET /management/health
GET /api/elasticsearch/cluster/status
GET /api/logstash-pipelines/stats
GET /api/menu/all
GET /api/utm-getting-started
