2025/08/10 12:02:11 Connecting to Postgres server: localhost using port: 5432
2025/08/10 12:02:11 Loading GeoIP databases
2025/08/10 12:02:11 Could not open file: open /app/asn-blocks-v4.csv: no such file or directory
2025/08/10 12:02:11 Could not read CSV: invalid argument
2025/08/10 12:02:11 Could not open file: open /app/asn-blocks-v6.csv: no such file or directory
2025/08/10 12:02:11 Could not read CSV: invalid argument
2025/08/10 12:02:11 Could not open file: open /app/blocks-v4.csv: no such file or directory
2025/08/10 12:02:11 Could not read CSV: invalid argument
2025/08/10 12:02:11 Could not open file: open /app/blocks-v6.csv: no such file or directory
2025/08/10 12:02:11 Could not read CSV: invalid argument
2025/08/10 12:02:11 Could not open file: open /app/locations-en.csv: no such file or directory
2025/08/10 12:02:11 Could not read CSV: invalid argument
2025/08/10 12:02:11 asnBlocks rows: 0
2025/08/10 12:02:11 cityBlocks rows: 0
2025/08/10 12:02:11 cityLocations rows: 0
2025/08/10 12:02:11 GeoIP databases loaded
2025/08/10 12:02:11 Loading Threat Intelligence Feeds
2025/08/10 12:02:11 Could not open file: open /app/ip_level1.list: no such file or directory
2025/08/10 12:02:11 Could not open file: open /app/ip_level2.list: no such file or directory
2025/08/10 12:02:11 Could not open file: open /app/ip_level3.list: no such file or directory
2025/08/10 12:02:11 Threat Intelligence feeds loaded
2025/08/10 12:02:11 Listing rules files in /home/hidayat/utmstack/correlation/rulesets/
2025/08/10 12:02:11 Logs in cache: 0
2025/08/10 12:02:11 Memory used by engine: 26 MB
2025/08/10 12:02:11 Free memory: 7985 MB
2025/08/10 12:02:11 Physical memory: 16002 MB
2025/08/10 12:02:11 Assigned memory used: 0.65000004 %
2025/08/10 12:03:11 Logs in cache: 0
2025/08/10 12:03:11 Memory used by engine: 26 MB
2025/08/10 12:03:11 Free memory: 9098 MB
2025/08/10 12:03:11 Physical memory: 16002 MB
2025/08/10 12:03:11 Assigned memory used: 0.65000004 %
2025/08/10 12:04:11 Logs in cache: 0
2025/08/10 12:04:11 Memory used by engine: 26 MB
2025/08/10 12:04:11 Free memory: 9115 MB
2025/08/10 12:04:11 Physical memory: 16002 MB
2025/08/10 12:04:11 Assigned memory used: 0.65000004 %
